error
error
error
error
error
error
error
error
